This is pdfTeX, Version 3.141592653-2.6-1.40.25 (TeX Live 2023/Debian) (preloaded format=pdflatex 2026.5.13)  10 SEP 2026 18:46
entering extended mode
 restricted \write18 enabled.
 %&-line parsing enabled.
**main.tex
(./main.tex
LaTeX2e <2023-11-01> patch level 1
L3 programming layer <2024-01-22>
(/usr/share/texlive/texmf-dist/tex/latex/base/article.cls
Document Class: article 2023/05/17 v1.4n Standard LaTeX document class
(/usr/share/texlive/texmf-dist/tex/latex/base/size11.clo
File: size11.clo 2023/05/17 v1.4n Standard LaTeX file (size option)
)
\c@part=\count187
\c@section=\count188
\c@subsection=\count189
\c@subsubsection=\count190
\c@paragraph=\count191
\c@subparagraph=\count192
\c@figure=\count193
\c@table=\count194
\abovecaptionskip=\skip48
\belowcaptionskip=\skip49
\bibindent=\dimen140
)
(/usr/share/texlive/texmf-dist/tex/latex/base/fontenc.sty
Package: fontenc 2021/04/29 v2.0v Standard LaTeX package
)
(/usr/share/texlive/texmf-dist/tex/latex/geometry/geometry.sty
Package: geometry 2020/01/02 v5.9 Page Geometry

(/usr/share/texlive/texmf-dist/tex/latex/graphics/keyval.sty
Package: keyval 2022/05/29 v1.15 key=value parser (DPC)
\KV@toks@=\toks17
)
(/usr/share/texlive/texmf-dist/tex/generic/iftex/ifvtex.sty
Package: ifvtex 2019/10/25 v1.7 ifvtex legacy package. Use iftex instead.

(/usr/share/texlive/texmf-dist/tex/generic/iftex/iftex.sty
Package: iftex 2022/02/03 v1.0f TeX engine tests
))
\Gm@cnth=\count195
\Gm@cntv=\count196
\c@Gm@tempcnt=\count197
\Gm@bindingoffset=\dimen141
\Gm@wd@mp=\dimen142
\Gm@odd@mp=\dimen143
\Gm@even@mp=\dimen144
\Gm@layoutwidth=\dimen145
\Gm@layoutheight=\dimen146
\Gm@layouthoffset=\dimen147
\Gm@layoutvoffset=\dimen148
\Gm@dimlist=\toks18
)
(/usr/share/texlive/texmf-dist/tex/latex/amsmath/amsmath.sty
Package: amsmath 2023/05/13 v2.17o AMS math features
\@mathmargin=\skip50

For additional information on amsmath, use the `?' option.
(/usr/share/texlive/texmf-dist/tex/latex/amsmath/amstext.sty
Package: amstext 2021/08/26 v2.01 AMS text

(/usr/share/texlive/texmf-dist/tex/latex/amsmath/amsgen.sty
File: amsgen.sty 1999/11/30 v2.0 generic functions
\@emptytoks=\toks19
\ex@=\dimen149
))
(/usr/share/texlive/texmf-dist/tex/latex/amsmath/amsbsy.sty
Package: amsbsy 1999/11/29 v1.2d Bold Symbols
\pmbraise@=\dimen150
)
(/usr/share/texlive/texmf-dist/tex/latex/amsmath/amsopn.sty
Package: amsopn 2022/04/08 v2.04 operator names
)
\inf@bad=\count198
LaTeX Info: Redefining \frac on input line 234.
\uproot@=\count199
\leftroot@=\count266
LaTeX Info: Redefining \overline on input line 399.
LaTeX Info: Redefining \colon on input line 410.
\classnum@=\count267
\DOTSCASE@=\count268
LaTeX Info: Redefining \ldots on input line 496.
LaTeX Info: Redefining \dots on input line 499.
LaTeX Info: Redefining \cdots on input line 620.
\Mathstrutbox@=\box51
\strutbox@=\box52
LaTeX Info: Redefining \big on input line 722.
LaTeX Info: Redefining \Big on input line 723.
LaTeX Info: Redefining \bigg on input line 724.
LaTeX Info: Redefining \Bigg on input line 725.
\big@size=\dimen151
LaTeX Font Info:    Redeclaring font encoding OML on input line 743.
LaTeX Font Info:    Redeclaring font encoding OMS on input line 744.
\macc@depth=\count269
LaTeX Info: Redefining \bmod on input line 905.
LaTeX Info: Redefining \pmod on input line 910.
LaTeX Info: Redefining \smash on input line 940.
LaTeX Info: Redefining \relbar on input line 970.
LaTeX Info: Redefining \Relbar on input line 971.
\c@MaxMatrixCols=\count270
\dotsspace@=\muskip16
\c@parentequation=\count271
\dspbrk@lvl=\count272
\tag@help=\toks20
\row@=\count273
\column@=\count274
\maxfields@=\count275
\andhelp@=\toks21
\eqnshift@=\dimen152
\alignsep@=\dimen153
\tagshift@=\dimen154
\tagwidth@=\dimen155
\totwidth@=\dimen156
\lineht@=\dimen157
\@envbody=\toks22
\multlinegap=\skip51
\multlinetaggap=\skip52
\mathdisplay@stack=\toks23
LaTeX Info: Redefining \[ on input line 2953.
LaTeX Info: Redefining \] on input line 2954.
)
(/usr/share/texlive/texmf-dist/tex/latex/amsfonts/amssymb.sty
Package: amssymb 2013/01/14 v3.01 AMS font symbols

(/usr/share/texlive/texmf-dist/tex/latex/amsfonts/amsfonts.sty
Package: amsfonts 2013/01/14 v3.01 Basic AMSFonts support
\symAMSa=\mathgroup4
\symAMSb=\mathgroup5
LaTeX Font Info:    Redeclaring math symbol \hbar on input line 98.
LaTeX Font Info:    Overwriting math alphabet `\mathfrak' in version `bold'
(Font)                  U/euf/m/n --> U/euf/b/n on input line 106.
))
(/usr/share/texlive/texmf-dist/tex/latex/mathtools/mathtools.sty
Package: mathtools 2022/06/29 v1.29 mathematical typesetting tools

(/usr/share/texlive/texmf-dist/tex/latex/tools/calc.sty
Package: calc 2023/07/08 v4.3 Infix arithmetic (KKT,FJ)
\calc@Acount=\count276
\calc@Bcount=\count277
\calc@Adimen=\dimen158
\calc@Bdimen=\dimen159
\calc@Askip=\skip53
\calc@Bskip=\skip54
LaTeX Info: Redefining \setlength on input line 80.
LaTeX Info: Redefining \addtolength on input line 81.
\calc@Ccount=\count278
\calc@Cskip=\skip55
)
(/usr/share/texlive/texmf-dist/tex/latex/mathtools/mhsetup.sty
Package: mhsetup 2021/03/18 v1.4 programming setup (MH)
)
\g_MT_multlinerow_int=\count279
\l_MT_multwidth_dim=\dimen160
\origjot=\skip56
\l_MT_shortvdotswithinadjustabove_dim=\dimen161
\l_MT_shortvdotswithinadjustbelow_dim=\dimen162
\l_MT_above_intertext_sep=\dimen163
\l_MT_below_intertext_sep=\dimen164
\l_MT_above_shortintertext_sep=\dimen165
\l_MT_below_shortintertext_sep=\dimen166
\xmathstrut@box=\box53
\xmathstrut@dim=\dimen167
)
(/usr/share/texlive/texmf-dist/tex/latex/amscls/amsthm.sty
Package: amsthm 2020/05/29 v2.20.6
\thm@style=\toks24
\thm@bodyfont=\toks25
\thm@headfont=\toks26
\thm@notefont=\toks27
\thm@headpunct=\toks28
\thm@preskip=\skip57
\thm@postskip=\skip58
\thm@headsep=\skip59
\dth@everypar=\toks29
)
(/usr/share/texlive/texmf-dist/tex/latex/booktabs/booktabs.sty
Package: booktabs 2020/01/12 v1.61803398 Publication quality tables
\heavyrulewidth=\dimen168
\lightrulewidth=\dimen169
\cmidrulewidth=\dimen170
\belowrulesep=\dimen171
\belowbottomsep=\dimen172
\aboverulesep=\dimen173
\abovetopsep=\dimen174
\cmidrulesep=\dimen175
\cmidrulekern=\dimen176
\defaultaddspace=\dimen177
\@cmidla=\count280
\@cmidlb=\count281
\@aboverulesep=\dimen178
\@belowrulesep=\dimen179
\@thisruleclass=\count282
\@lastruleclass=\count283
\@thisrulewidth=\dimen180
)
(/usr/share/texlive/texmf-dist/tex/latex/tools/tabularx.sty
Package: tabularx 2023/07/08 v2.11c `tabularx' package (DPC)

(/usr/share/texlive/texmf-dist/tex/latex/tools/array.sty
Package: array 2023/10/16 v2.5g Tabular extension package (FMi)
\col@sep=\dimen181
\ar@mcellbox=\box54
\extrarowheight=\dimen182
\NC@list=\toks30
\extratabsurround=\skip60
\backup@length=\skip61
\ar@cellbox=\box55
)
\TX@col@width=\dimen183
\TX@old@table=\dimen184
\TX@old@col=\dimen185
\TX@target=\dimen186
\TX@delta=\dimen187
\TX@cols=\count284
\TX@ftn=\toks31
)
(/usr/share/texlive/texmf-dist/tex/latex/graphics/graphicx.sty
Package: graphicx 2021/09/16 v1.2d Enhanced LaTeX Graphics (DPC,SPQR)

(/usr/share/texlive/texmf-dist/tex/latex/graphics/graphics.sty
Package: graphics 2022/03/10 v1.4e Standard LaTeX Graphics (DPC,SPQR)

(/usr/share/texlive/texmf-dist/tex/latex/graphics/trig.sty
Package: trig 2021/08/11 v1.11 sin cos tan (DPC)
)
(/usr/share/texlive/texmf-dist/tex/latex/graphics-cfg/graphics.cfg
File: graphics.cfg 2016/06/04 v1.11 sample graphics configuration
)
Package graphics Info: Driver file: pdftex.def on input line 107.

(/usr/share/texlive/texmf-dist/tex/latex/graphics-def/pdftex.def
File: pdftex.def 2022/09/22 v1.2b Graphics/color driver for pdftex
))
\Gin@req@height=\dimen188
\Gin@req@width=\dimen189
)
(/usr/share/texlive/texmf-dist/tex/latex/float/float.sty
Package: float 2001/11/08 v1.3d Float enhancements (AL)
\c@float@type=\count285
\float@exts=\toks32
\float@box=\box56
\@float@everytoks=\toks33
\@floatcapt=\box57
)
(/usr/share/texlive/texmf-dist/tex/latex/microtype/microtype.sty
Package: microtype 2023/03/13 v3.1a Micro-typographical refinements (RS)

(/usr/share/texlive/texmf-dist/tex/latex/etoolbox/etoolbox.sty
Package: etoolbox 2020/10/05 v2.5k e-TeX tools for LaTeX (JAW)
\etb@tempcnta=\count286
)
\MT@toks=\toks34
\MT@tempbox=\box58
\MT@count=\count287
LaTeX Info: Redefining \noprotrusionifhmode on input line 1059.
LaTeX Info: Redefining \leftprotrusion on input line 1060.
\MT@prot@toks=\toks35
LaTeX Info: Redefining \rightprotrusion on input line 1078.
LaTeX Info: Redefining \textls on input line 1368.
\MT@outer@kern=\dimen190
LaTeX Info: Redefining \textmicrotypecontext on input line 1988.
\MT@listname@count=\count288

(/usr/share/texlive/texmf-dist/tex/latex/microtype/microtype-pdftex.def
File: microtype-pdftex.def 2023/03/13 v3.1a Definitions specific to pdftex (RS)

LaTeX Info: Redefining \lsstyle on input line 902.
LaTeX Info: Redefining \lslig on input line 902.
\MT@outer@space=\skip62
)
Package microtype Info: Loading configuration file microtype.cfg.

(/usr/share/texlive/texmf-dist/tex/latex/microtype/microtype.cfg
File: microtype.cfg 2023/03/13 v3.1a microtype main configuration file (RS)
))
(/usr/share/texlive/texmf-dist/tex/latex/natbib/natbib.sty
Package: natbib 2010/09/13 8.31b (PWD, AO)
\bibhang=\skip63
\bibsep=\skip64
LaTeX Info: Redefining \cite on input line 694.
\c@NAT@ctr=\count289
)
(/usr/share/texlive/texmf-dist/tex/latex/hyperref/hyperref.sty
Package: hyperref 2024-01-20 v7.01h Hypertext links for LaTeX

(/usr/share/texlive/texmf-dist/tex/latex/kvsetkeys/kvsetkeys.sty
Package: kvsetkeys 2022-10-05 v1.19 Key value parser (HO)
)
(/usr/share/texlive/texmf-dist/tex/generic/kvdefinekeys/kvdefinekeys.sty
Package: kvdefinekeys 2019-12-19 v1.6 Define keys (HO)
)
(/usr/share/texlive/texmf-dist/tex/generic/pdfescape/pdfescape.sty
Package: pdfescape 2019/12/09 v1.15 Implements pdfTeX's escape features (HO)

(/usr/share/texlive/texmf-dist/tex/generic/ltxcmds/ltxcmds.sty
Package: ltxcmds 2023-12-04 v1.26 LaTeX kernel commands for general use (HO)
)
(/usr/share/texlive/texmf-dist/tex/generic/pdftexcmds/pdftexcmds.sty
Package: pdftexcmds 2020-06-27 v0.33 Utility functions of pdfTeX for LuaTeX (HO
)

(/usr/share/texlive/texmf-dist/tex/generic/infwarerr/infwarerr.sty
Package: infwarerr 2019/12/03 v1.5 Providing info/warning/error messages (HO)
)
Package pdftexcmds Info: \pdf@primitive is available.
Package pdftexcmds Info: \pdf@ifprimitive is available.
Package pdftexcmds Info: \pdfdraftmode found.
))
(/usr/share/texlive/texmf-dist/tex/latex/hycolor/hycolor.sty
Package: hycolor 2020-01-27 v1.10 Color options for hyperref/bookmark (HO)
)
(/usr/share/texlive/texmf-dist/tex/latex/auxhook/auxhook.sty
Package: auxhook 2019-12-17 v1.6 Hooks for auxiliary files (HO)
)
(/usr/share/texlive/texmf-dist/tex/latex/hyperref/nameref.sty
Package: nameref 2023-11-26 v2.56 Cross-referencing by name of section

(/usr/share/texlive/texmf-dist/tex/latex/refcount/refcount.sty
Package: refcount 2019/12/15 v3.6 Data extraction from label references (HO)
)
(/usr/share/texlive/texmf-dist/tex/generic/gettitlestring/gettitlestring.sty
Package: gettitlestring 2019/12/15 v1.6 Cleanup title references (HO)

(/usr/share/texlive/texmf-dist/tex/latex/kvoptions/kvoptions.sty
Package: kvoptions 2022-06-15 v3.15 Key value format for package options (HO)
))
\c@section@level=\count290
)
\@linkdim=\dimen191
\Hy@linkcounter=\count291
\Hy@pagecounter=\count292

(/usr/share/texlive/texmf-dist/tex/latex/hyperref/pd1enc.def
File: pd1enc.def 2024-01-20 v7.01h Hyperref: PDFDocEncoding definition (HO)
Now handling font encoding PD1 ...
... no UTF-8 mapping file for font encoding PD1
)
(/usr/share/texlive/texmf-dist/tex/generic/intcalc/intcalc.sty
Package: intcalc 2019/12/15 v1.3 Expandable calculations with integers (HO)
)
\Hy@SavedSpaceFactor=\count293

(/usr/share/texlive/texmf-dist/tex/latex/hyperref/puenc.def
File: puenc.def 2024-01-20 v7.01h Hyperref: PDF Unicode definition (HO)
Now handling font encoding PU ...
... no UTF-8 mapping file for font encoding PU
)
Package hyperref Info: Hyper figures OFF on input line 4179.
Package hyperref Info: Link nesting OFF on input line 4184.
Package hyperref Info: Hyper index ON on input line 4187.
Package hyperref Info: Plain pages OFF on input line 4194.
Package hyperref Info: Backreferencing OFF on input line 4199.
Package hyperref Info: Implicit mode ON; LaTeX internals redefined.
Package hyperref Info: Bookmarks ON on input line 4446.
\c@Hy@tempcnt=\count294

(/usr/share/texlive/texmf-dist/tex/latex/url/url.sty
\Urlmuskip=\muskip17
Package: url 2013/09/16  ver 3.4  Verb mode for urls, etc.
)
LaTeX Info: Redefining \url on input line 4784.
\XeTeXLinkMargin=\dimen192

(/usr/share/texlive/texmf-dist/tex/generic/bitset/bitset.sty
Package: bitset 2019/12/09 v1.3 Handle bit-vector datatype (HO)

(/usr/share/texlive/texmf-dist/tex/generic/bigintcalc/bigintcalc.sty
Package: bigintcalc 2019/12/15 v1.5 Expandable calculations on big integers (HO
)
))
\Fld@menulength=\count295
\Field@Width=\dimen193
\Fld@charsize=\dimen194
Package hyperref Info: Hyper figures OFF on input line 6063.
Package hyperref Info: Link nesting OFF on input line 6068.
Package hyperref Info: Hyper index ON on input line 6071.
Package hyperref Info: backreferencing OFF on input line 6078.
Package hyperref Info: Link coloring OFF on input line 6083.
Package hyperref Info: Link coloring with OCG OFF on input line 6088.
Package hyperref Info: PDF/A mode OFF on input line 6093.

(/usr/share/texlive/texmf-dist/tex/latex/base/atbegshi-ltx.sty
Package: atbegshi-ltx 2021/01/10 v1.0c Emulation of the original atbegshi
package with kernel methods
)
\Hy@abspage=\count296
\c@Item=\count297
\c@Hfootnote=\count298
)
Package hyperref Info: Driver (autodetected): hpdftex.

(/usr/share/texlive/texmf-dist/tex/latex/hyperref/hpdftex.def
File: hpdftex.def 2024-01-20 v7.01h Hyperref driver for pdfTeX

(/usr/share/texlive/texmf-dist/tex/latex/base/atveryend-ltx.sty
Package: atveryend-ltx 2020/08/19 v1.0a Emulation of the original atveryend pac
kage
with kernel methods
)
\Fld@listcount=\count299
\c@bookmark@seq@number=\count300

(/usr/share/texlive/texmf-dist/tex/latex/rerunfilecheck/rerunfilecheck.sty
Package: rerunfilecheck 2022-07-10 v1.10 Rerun checks for auxiliary files (HO)

(/usr/share/texlive/texmf-dist/tex/generic/uniquecounter/uniquecounter.sty
Package: uniquecounter 2019/12/15 v1.4 Provide unlimited unique counter (HO)
)
Package uniquecounter Info: New unique counter `rerunfilecheck' on input line 2
85.
)
\Hy@SectionHShift=\skip65
)
\c@theorem=\count301

(/usr/share/texlive/texmf-dist/tex/latex/l3backend/l3backend-pdftex.def
File: l3backend-pdftex.def 2024-01-04 L3 backend support: PDF output (pdfTeX)
\l__color_backend_stack_int=\count302
\l__pdf_internal_box=\box59
)
(./main.aux)
\openout1 = `main.aux'.

LaTeX Font Info:    Checking defaults for OML/cmm/m/it on input line 39.
LaTeX Font Info:    ... okay on input line 39.
LaTeX Font Info:    Checking defaults for OMS/cmsy/m/n on input line 39.
LaTeX Font Info:    ... okay on input line 39.
LaTeX Font Info:    Checking defaults for OT1/cmr/m/n on input line 39.
LaTeX Font Info:    ... okay on input line 39.
LaTeX Font Info:    Checking defaults for T1/cmr/m/n on input line 39.
LaTeX Font Info:    ... okay on input line 39.
LaTeX Font Info:    Checking defaults for TS1/cmr/m/n on input line 39.
LaTeX Font Info:    ... okay on input line 39.
LaTeX Font Info:    Checking defaults for OMX/cmex/m/n on input line 39.
LaTeX Font Info:    ... okay on input line 39.
LaTeX Font Info:    Checking defaults for U/cmr/m/n on input line 39.
LaTeX Font Info:    ... okay on input line 39.
LaTeX Font Info:    Checking defaults for PD1/pdf/m/n on input line 39.
LaTeX Font Info:    ... okay on input line 39.
LaTeX Font Info:    Checking defaults for PU/pdf/m/n on input line 39.
LaTeX Font Info:    ... okay on input line 39.

*geometry* driver: auto-detecting
*geometry* detected driver: pdftex
*geometry* verbose mode - [ preamble ] result:
* driver: pdftex
* paper: a4paper
* layout: <same size as paper>
* layoutoffset:(h,v)=(0.0pt,0.0pt)
* modes: 
* h-part:(L,W,R)=(72.26999pt, 452.9679pt, 72.26999pt)
* v-part:(T,H,B)=(72.26999pt, 700.50687pt, 72.26999pt)
* \paperwidth=597.50787pt
* \paperheight=845.04684pt
* \textwidth=452.9679pt
* \textheight=700.50687pt
* \oddsidemargin=0.0pt
* \evensidemargin=0.0pt
* \topmargin=-37.0pt
* \headheight=12.0pt
* \headsep=25.0pt
* \topskip=11.0pt
* \footskip=30.0pt
* \marginparwidth=50.0pt
* \marginparsep=10.0pt
* \columnsep=10.0pt
* \skip\footins=10.0pt plus 4.0pt minus 2.0pt
* \hoffset=0.0pt
* \voffset=0.0pt
* \mag=1000
* \@twocolumnfalse
* \@twosidefalse
* \@mparswitchfalse
* \@reversemarginfalse
* (1in=72.27pt=25.4mm, 1cm=28.453pt)

(/usr/share/texlive/texmf-dist/tex/context/base/mkii/supp-pdf.mkii
[Loading MPS to PDF converter (version 2006.09.02).]
\scratchcounter=\count303
\scratchdimen=\dimen195
\scratchbox=\box60
\nofMPsegments=\count304
\nofMParguments=\count305
\everyMPshowfont=\toks36
\MPscratchCnt=\count306
\MPscratchDim=\dimen196
\MPnumerator=\count307
\makeMPintoPDFobject=\count308
\everyMPtoPDFconversion=\toks37
) (/usr/share/texlive/texmf-dist/tex/latex/epstopdf-pkg/epstopdf-base.sty
Package: epstopdf-base 2020-01-24 v2.11 Base part for package epstopdf
Package epstopdf-base Info: Redefining graphics rule for `.eps' on input line 4
85.

(/usr/share/texlive/texmf-dist/tex/latex/latexconfig/epstopdf-sys.cfg
File: epstopdf-sys.cfg 2010/07/13 v1.3 Configuration of (r)epstopdf for TeX Liv
e
))
LaTeX Info: Redefining \microtypecontext on input line 39.
Package microtype Info: Applying patch `item' on input line 39.
Package microtype Info: Applying patch `toc' on input line 39.
Package microtype Info: Applying patch `eqnum' on input line 39.
Package microtype Info: Applying patch `footnote' on input line 39.
Package microtype Info: Applying patch `verbatim' on input line 39.
Package microtype Info: Generating PDF output.
Package microtype Info: Character protrusion enabled (level 2).
Package microtype Info: Using default protrusion set `alltext'.
Package microtype Info: Automatic font expansion enabled (level 2),
(microtype)             stretch: 20, shrink: 20, step: 1, non-selected.
Package microtype Info: Using default expansion set `alltext-nott'.
LaTeX Info: Redefining \showhyphens on input line 39.
Package microtype Info: No adjustment of tracking.
Package microtype Info: No adjustment of interword spacing.
Package microtype Info: No adjustment of character kerning.

(/usr/share/texlive/texmf-dist/tex/latex/microtype/mt-cmr.cfg
File: mt-cmr.cfg 2013/05/19 v2.2 microtype config. file: Computer Modern Roman 
(RS)
)
Package hyperref Info: Link coloring OFF on input line 39.
 (./main.out)
(./main.out)
\@outlinefile=\write3
\openout3 = `main.out'.

LaTeX Font Info:    Trying to load font information for U+msa on input line 42.

 (/usr/share/texlive/texmf-dist/tex/latex/amsfonts/umsa.fd
File: umsa.fd 2013/01/14 v3.01 AMS symbols A
)
(/usr/share/texlive/texmf-dist/tex/latex/microtype/mt-msa.cfg
File: mt-msa.cfg 2006/02/04 v1.1 microtype config. file: AMS symbols (a) (RS)
)
LaTeX Font Info:    Trying to load font information for U+msb on input line 42.


(/usr/share/texlive/texmf-dist/tex/latex/amsfonts/umsb.fd
File: umsb.fd 2013/01/14 v3.01 AMS symbols B
)
(/usr/share/texlive/texmf-dist/tex/latex/microtype/mt-msb.cfg
File: mt-msb.cfg 2005/06/01 v1.0 microtype config. file: AMS symbols (b) (RS)
)
LaTeX Font Info:    Trying to load font information for T1+cmtt on input line 4
2.

(/usr/share/texlive/texmf-dist/tex/latex/base/t1cmtt.fd
File: t1cmtt.fd 2023/04/13 v2.5m Standard LaTeX font definitions
)
Package microtype Info: Loading generic protrusion settings for font family
(microtype)             `cmtt' (encoding: T1).
(microtype)             For optimal results, create family-specific settings.
(microtype)             See the microtype manual for details.

(./sections/01_intro.tex [1

{/var/lib/texmf/fonts/map/pdftex/updmap/pdftex.map}{/usr/share/texmf/fonts/enc/
dvips/cm-super/cm-super-t1.enc}] [2] [3] [4])
(./sections/02_sem_methods.tex [5] [6]
Overfull \hbox (0.11836pt too wide) detected at line 174
[][][]\OML/cmm/m/it/10.95 s[]\OT1/cmr/m/n/10.95 (\OML/cmm/m/it/10.95 t\OT1/cmr/
m/n/10.95 ) = [](\OML/cmm/m/it/10.95 t; X[]\OT1/cmr/m/n/10.95 ) \OMS/cmsy/m/n/1
0.95 ^^@ []\OT1/cmr/m/n/10.95 (\OML/cmm/m/it/10.95 t; X[]\OT1/cmr/m/n/10.95 ) +
 [][]\OML/cmm/m/it/10.95 Z[]\OT1/cmr/m/n/10.95 (\OML/cmm/m/it/10.95 t\OT1/cmr/m
/n/10.95 ) \OMS/cmsy/m/n/10.95 ^^@ []\OT1/cmr/m/n/10.95 (\OML/cmm/m/it/10.95 t;
 X[]\OT1/cmr/m/n/10.95 )[] \OMS/cmsy/m/n/10.95 ^^@ [][]\OML/cmm/m/it/10.95 Z[]\
OT1/cmr/m/n/10.95 (\OML/cmm/m/it/10.95 t\OT1/cmr/m/n/10.95 ) \OMS/cmsy/m/n/10.9
5 ^^@ []\OT1/cmr/m/n/10.95 (\OML/cmm/m/it/10.95 t; X[]\OT1/cmr/m/n/10.95 )[]\OM
L/cmm/m/it/10.95 ;
 []

[7] [8]) (./sections/03_theory_leakage.tex [9] [10] [11] [12] [13] [14])
(./sections/04_theory_efficiency.tex [15] [16] [17] [18] [19] [20] [21])
(./sections/05_experiments.tex [22] [23]
<figures/fig1_imbalance_validity.png, id=616, 722.7pt x 310.761pt>
File: figures/fig1_imbalance_validity.png Graphic file (type png)
<use figures/fig1_imbalance_validity.png>
Package pdftex.def Info: figures/fig1_imbalance_validity.png  used on input lin
e 32.
(pdftex.def)             Requested size: 452.9679pt x 194.77519pt.
 [24 <./figures/fig1_imbalance_validity.png>] [25]
<figures/fig2_c2_separation.png, id=636, 722.7pt x 310.761pt>
File: figures/fig2_c2_separation.png Graphic file (type png)
<use figures/fig2_c2_separation.png>
Package pdftex.def Info: figures/fig2_c2_separation.png  used on input line 115
.
(pdftex.def)             Requested size: 452.9679pt x 194.77519pt.
 [26] [27 <./figures/fig2_c2_separation.png>]
<figures/fig3_calibration_scope.png, id=654, 758.835pt x 289.08pt>
File: figures/fig3_calibration_scope.png Graphic file (type png)
<use figures/fig3_calibration_scope.png>
Package pdftex.def Info: figures/fig3_calibration_scope.png  used on input line
 173.
(pdftex.def)             Requested size: 452.9679pt x 172.56271pt.
 [28] [29 <./figures/fig3_calibration_scope.png>]
<figures/fig4_bakeoff.png, id=674, 683.31285pt x 441.20834pt>
File: figures/fig4_bakeoff.png Graphic file (type png)
<use figures/fig4_bakeoff.png>
Package pdftex.def Info: figures/fig4_bakeoff.png  used on input line 197.
(pdftex.def)             Requested size: 452.9679pt x 292.48425pt.

Underfull \hbox (badness 10000) in paragraph at lines 238--238
[]|\T1/cmr/m/n/10 (+20) RT 0.800 (0.040);
 []


Underfull \hbox (badness 10000) in paragraph at lines 239--239
[]|\T1/cmr/m/n/10 (+20) same group 1.000
 []


Underfull \hbox (badness 10000) in paragraph at lines 242--242
[]|$\OML/cmm/m/it/10 H[]$ \T1/cmr/m/n/10 (+20) group 1.000
 []


Underfull \hbox (badness 1102) in paragraph at lines 243--243
\T1/cmr/m/n/10 (+20) ti-plier 0.970 (0.017) at
 []


Underfull \hbox (badness 10000) in paragraph at lines 244--244
[]|$\OML/cmm/m/it/10 H[]$ \T1/cmr/m/n/10 (+20) group 1.000
 []


Underfull \hbox (badness 10000) in paragraph at lines 244--245
[]|\T1/cmr/m/n/10 (+20) Permutation
 []


Underfull \hbox (badness 1931) in paragraph at lines 245--245
\OML/cmm/m/it/10 H[]$\T1/cmr/m/n/10 (+20) ; Fréchet 0.570
 []


Underfull \hbox (badness 10000) in paragraph at lines 245--246
[]|\T1/cmr/m/n/10 (+20) Separation;
 []


Underfull \hbox (badness 3482) in paragraph at lines 246--247
[]|\T1/cmr/m/n/10 (+20) Win on sub-tle
 []


Underfull \hbox (badness 6332) in paragraph at lines 248--249
[]|\T1/cmr/m/n/10 (+20) Scope: $\OML/cmm/m/it/10 n \OMS/cmsy/m/n/10 ^^U
 []


Underfull \hbox (badness 1394) in paragraph at lines 248--249
\OT1/cmr/m/n/10 (+20) 200$ \T1/cmr/m/n/10 (+20) ran-dom-ized
 []

[30]
Overfull \vbox (31.1269pt too high) has occurred while \output is active []


[31 <./figures/fig4_bakeoff.png>] [32]
<figures/fig5_local_power.png, id=693, 708.246pt x 476.982pt>
File: figures/fig5_local_power.png Graphic file (type png)
<use figures/fig5_local_power.png>
Package pdftex.def Info: figures/fig5_local_power.png  used on input line 266.
(pdftex.def)             Requested size: 452.9679pt x 305.07092pt.
 [33] [34 <./figures/fig5_local_power.png>] [35

]) (./sections/06_discussion.tex [36] [37]) [38]
(./sections/07_appendix.tex
Overfull \hbox (2.10661pt too wide) in paragraph at lines 30--30
[]|\T1/cmr/m/n/10 (-20) Derivation|  
 []

[39] [40]
<figures/appendix_c1_masking_mechanism.png, id=839, 975.645pt x 317.988pt>
File: figures/appendix_c1_masking_mechanism.png Graphic file (type png)
<use figures/appendix_c1_masking_mechanism.png>
Package pdftex.def Info: figures/appendix_c1_masking_mechanism.png  used on inp
ut line 58.
(pdftex.def)             Requested size: 452.9679pt x 147.63483pt.
 [41 <./figures/appendix_c1_masking_mechanism.png>]
<figures/appendix_t3_local_limit.png, id=852, 831.105pt x 289.08pt>
File: figures/appendix_t3_local_limit.png Graphic file (type png)
<use figures/appendix_t3_local_limit.png>
Package pdftex.def Info: figures/appendix_t3_local_limit.png  used on input lin
e 80.
(pdftex.def)             Requested size: 452.9679pt x 157.55208pt.
<figures/appendix_t7_mismatch.png, id=853, 794.97pt x 303.534pt>
File: figures/appendix_t7_mismatch.png Graphic file (type png)
<use figures/appendix_t7_mismatch.png>
Package pdftex.def Info: figures/appendix_t7_mismatch.png  used on input line 8
7.
(pdftex.def)             Requested size: 452.9679pt x 172.95596pt.
<figures/appendix_t10_full_fleet.png, id=856, 975.645pt x 794.97pt>
File: figures/appendix_t10_full_fleet.png Graphic file (type png)
<use figures/appendix_t10_full_fleet.png>
Package pdftex.def Info: figures/appendix_t10_full_fleet.png  used on input lin
e 94.
(pdftex.def)             Requested size: 452.9679pt x 369.08711pt.
 [42]
<figures/appendix_t4_efficiency.png, id=866, 766.062pt x 303.534pt>
File: figures/appendix_t4_efficiency.png Graphic file (type png)
<use figures/appendix_t4_efficiency.png>
Package pdftex.def Info: figures/appendix_t4_efficiency.png  used on input line
 108.
(pdftex.def)             Requested size: 452.9679pt x 179.48181pt.
 [43 <./figures/appendix_t3_local_limit.png>]
<figures/appendix_t8_minimax.png, id=877, 903.375pt x 289.08pt>
File: figures/appendix_t8_minimax.png Graphic file (type png)
<use figures/appendix_t8_minimax.png>
Package pdftex.def Info: figures/appendix_t8_minimax.png  used on input line 12
0.
(pdftex.def)             Requested size: 452.9679pt x 144.95427pt.
<figures/appendix_t5_are.png, id=879, 975.645pt x 303.534pt>
File: figures/appendix_t5_are.png Graphic file (type png)
<use figures/appendix_t5_are.png>
Package pdftex.def Info: figures/appendix_t5_are.png  used on input line 136.
(pdftex.def)             Requested size: 452.9679pt x 140.92416pt.
 [44 <./figures/appendix_t7_mismatch.png>]
[45 <./figures/appendix_t10_full_fleet.png>]
<figures/appendix_t6_distgrid_local.png, id=896, 491.436pt x 289.08pt>
File: figures/appendix_t6_distgrid_local.png Graphic file (type png)
<use figures/appendix_t6_distgrid_local.png>
Package pdftex.def Info: figures/appendix_t6_distgrid_local.png  used on input 
line 150.
(pdftex.def)             Requested size: 452.9679pt x 266.46408pt.
<figures/appendix_distribution_explainer.png, id=897, 862.9695pt x 590.9715pt>
File: figures/appendix_distribution_explainer.png Graphic file (type png)
<use figures/appendix_distribution_explainer.png>
Package pdftex.def Info: figures/appendix_distribution_explainer.png  used on i
nput line 157.
(pdftex.def)             Requested size: 452.9679pt x 310.20155pt.
 [46 <./figures/appendix_t4_efficiency.png> <./figures/appendix_t8_minimax.png>
]
<figures/appendix_t9_multiplicity.png, id=907, 476.982pt x 289.08pt>
File: figures/appendix_t9_multiplicity.png Graphic file (type png)
<use figures/appendix_t9_multiplicity.png>
Package pdftex.def Info: figures/appendix_t9_multiplicity.png  used on input li
ne 173.
(pdftex.def)             Requested size: 452.9679pt x 274.5318pt.
 [47 <./figures/appendix_t5_are.png>]
Underfull \hbox (badness 10000) in alignment at lines 261--261
[][][][][][] 
 []

[48 <./figures/appendix_t6_distgrid_local.png>] [49 <./figures/appendix_distrib
ution_explainer.png>]
Underfull \hbox (badness 10000) in paragraph at lines 384--384
[]|\T1/cmr/m/n/10 (+20) Non-dominance
 []


Underfull \hbox (badness 10000) in paragraph at lines 384--384
\T1/cmr/m/n/10 (+20) across tar-gets
 []


Underfull \hbox (badness 3128) in paragraph at lines 385--385
[]|\T1/cmr/m/n/10 (+20) False-positive leak-
 []


Underfull \hbox (badness 10000) in paragraph at lines 385--386
\T1/cmr/m/n/10 (+20) ture $\OT1/cmr/m/n/10 (+20) 0\OML/cmm/m/it/10 :\OT1/cmr/m/
n/10 (+20) 3727$\T1/cmr/m/n/10 (+20) ; sim-u-la-tion
 []


Underfull \hbox (badness 10000) in paragraph at lines 386--386
[]|\T1/cmr/m/n/10 (+20) Non-contiguity
 []


Underfull \hbox (badness 10000) in paragraph at lines 386--387
[]|\T1/cmr/m/n/10 (+20) Total vari-a-tion to one;
 []


Underfull \hbox (badness 2913) in paragraph at lines 386--387
\T1/cmr/m/n/10 (+20) Chernoff--Stein proxy ex-po-
 []


Underfull \hbox (badness 10000) in paragraph at lines 387--387
\T1/cmr/m/n/10 (+20) i-tiv-ity leg
 []


Underfull \hbox (badness 10000) in paragraph at lines 388--388
[]|\T1/cmr/m/n/10 (+20) proved
 []


Underfull \hbox (badness 10000) in paragraph at lines 388--388
\T1/cmr/m/n/10 (+20) fi-nite
 []


Underfull \hbox (badness 10000) in paragraph at lines 388--388
\T1/cmr/m/n/10 (+20) sup-port;
 []


Underfull \hbox (badness 10000) in paragraph at lines 388--388
\T1/cmr/m/n/10 (+20) pro-jec-tion
 []


Underfull \hbox (badness 10000) in paragraph at lines 388--388
\T1/cmr/m/n/10 (+20) read-ing
 []


Underfull \hbox (badness 1009) in paragraph at lines 388--388
[]|$\OML/cmm/m/it/10 H[]$\T1/cmr/m/n/10 (+20) ; fi-nite co-vari-ate sup-
 []


Underfull \hbox (badness 1259) in paragraph at lines 388--389
[]|\T1/cmr/m/n/10 (+20) Exact marginal equal-ity at
 []


Underfull \hbox (badness 10000) in paragraph at lines 390--390
[]|\T1/cmr/m/n/10 (+20) Local power
 []


Underfull \hbox (badness 10000) in paragraph at lines 390--390
[]|\T1/cmr/m/n/10 (+20) adapt
 []


Underfull \hbox (badness 10000) in paragraph at lines 390--390
\T1/cmr/m/n/10 (-10) dimensional
 []


Underfull \hbox (badness 1448) in paragraph at lines 390--390
\T1/cmr/m/n/10 (+20) ance on the sup-port of $\OML/cmm/m/it/10 g$\T1/cmr/m/n/10
 (+20) ;
 []


Underfull \hbox (badness 1199) in paragraph at lines 390--391
\T1/cmr/m/n/10 (+20) SE) and $\OT1/cmr/m/n/10 (+20) +0\OML/cmm/m/it/10 :\OT1/cm
r/m/n/10 (+20) 047$ \T1/cmr/m/n/10 (+20) os-cil-la-tory
 []


Underfull \hbox (badness 10000) in paragraph at lines 391--391
[]|\T1/cmr/m/n/10 (+20) adapt;
 []


Underfull \hbox (badness 10000) in paragraph at lines 391--391
\T1/cmr/m/n/10 (+20) mean-ratio
 []


Underfull \hbox (badness 10000) in paragraph at lines 405--405
[]|$\OML/cmm/m/it/10 H[]$\T1/cmr/m/n/10 (+20) ,
 []


Underfull \hbox (badness 10000) in paragraph at lines 406--406
[]|$\OML/cmm/m/it/10 H[]$\T1/cmr/m/n/10 (+20) ,
 []


Underfull \hbox (badness 2050) in paragraph at lines 408--408
\T1/cmr/m/n/10 (+20) (bound and slope proved; ex-po-nent
 []

) (./main.bbl [50 <./figures/appendix_t9_multiplicity.png>] [51] [52] [53]
[54] [55]) [56] [57] [58] [59] (./main.aux)
 ***********
LaTeX2e <2023-11-01> patch level 1
L3 programming layer <2024-01-22>
 ***********
Package rerunfilecheck Info: File `main.out' has not changed.
(rerunfilecheck)             Checksum: EFAD98839AA5D871DD39EAA6A2B1417B;11839.
 ) 
Here is how much of TeX's memory you used:
 14716 strings out of 476106
 230639 string characters out of 5793933
 1989975 words of memory out of 5000000
 35869 multiletter control sequences out of 15000+600000
 594120 words of font info for 297 fonts, out of 8000000 for 9000
 59 hyphenation exceptions out of 8191
 75i,17n,79p,2258b,680s stack positions out of 10000i,1000n,20000p,200000b,200000s
</usr/share/texlive/texmf-dist/fonts/type1/public/amsfonts/cm/cmex10.pfb></us
r/share/texlive/texmf-dist/fonts/type1/public/amsfonts/cm/cmmi10.pfb></usr/shar
e/texlive/texmf-dist/fonts/type1/public/amsfonts/cm/cmmi6.pfb></usr/share/texli
ve/texmf-dist/fonts/type1/public/amsfonts/cm/cmmi7.pfb></usr/share/texlive/texm
f-dist/fonts/type1/public/amsfonts/cm/cmmi8.pfb></usr/share/texlive/texmf-dist/
fonts/type1/public/amsfonts/cm/cmmi9.pfb></usr/share/texlive/texmf-dist/fonts/t
ype1/public/amsfonts/cm/cmr10.pfb></usr/share/texlive/texmf-dist/fonts/type1/pu
blic/amsfonts/cm/cmr6.pfb></usr/share/texlive/texmf-dist/fonts/type1/public/ams
fonts/cm/cmr7.pfb></usr/share/texlive/texmf-dist/fonts/type1/public/amsfonts/cm
/cmr8.pfb></usr/share/texlive/texmf-dist/fonts/type1/public/amsfonts/cm/cmr9.pf
b></usr/share/texlive/texmf-dist/fonts/type1/public/amsfonts/cm/cmsy10.pfb></us
r/share/texlive/texmf-dist/fonts/type1/public/amsfonts/cm/cmsy6.pfb></usr/share
/texlive/texmf-dist/fonts/type1/public/amsfonts/cm/cmsy7.pfb></usr/share/texliv
e/texmf-dist/fonts/type1/public/amsfonts/cm/cmsy8.pfb></usr/share/texlive/texmf
-dist/fonts/type1/public/amsfonts/symbols/msbm10.pfb></usr/share/texmf/fonts/ty
pe1/public/cm-super/sfbx1000.pfb></usr/share/texmf/fonts/type1/public/cm-super/
sfbx1095.pfb></usr/share/texmf/fonts/type1/public/cm-super/sfbx1200.pfb></usr/s
hare/texmf/fonts/type1/public/cm-super/sfbx1440.pfb></usr/share/texmf/fonts/typ
e1/public/cm-super/sfcc1095.pfb></usr/share/texmf/fonts/type1/public/cm-super/s
frm0900.pfb></usr/share/texmf/fonts/type1/public/cm-super/sfrm1000.pfb></usr/sh
are/texmf/fonts/type1/public/cm-super/sfrm1095.pfb></usr/share/texmf/fonts/type
1/public/cm-super/sfrm1200.pfb></usr/share/texmf/fonts/type1/public/cm-super/sf
rm1728.pfb></usr/share/texmf/fonts/type1/public/cm-super/sfti1000.pfb></usr/sha
re/texmf/fonts/type1/public/cm-super/sfti1095.pfb></usr/share/texmf/fonts/type1
/public/cm-super/sftt1000.pfb></usr/share/texmf/fonts/type1/public/cm-super/sft
t1095.pfb></usr/share/texmf/fonts/type1/public/cm-super/sftt1200.pfb>
Output written on main.pdf (59 pages, 3122531 bytes).
PDF statistics:
 1209 PDF objects out of 1440 (max. 8388607)
 993 compressed objects within 10 object streams
 236 named destinations out of 1000 (max. 500000)
 49132 words of extra memory for PDF output out of 51595 (max. 10000000)

